------------------------------------------------------------
Timing Analyzer Summary
------------------------------------------------------------

Type  : Slow 1200mV 85C Model Setup 'baudRateGenerator:gerador|baudRateReg[0]'
Slack : -4.227
TNS   : -108.750

Type  : Slow 1200mV 85C Model Setup 'clk'
Slack : -2.894
TNS   : -37.196

Type  : Slow 1200mV 85C Model Hold 'baudRateGenerator:gerador|baudRateReg[0]'
Slack : 0.393
TNS   : 0.000

Type  : Slow 1200mV 85C Model Hold 'clk'
Slack : 0.681
TNS   : 0.000

Type  : Slow 1200mV 85C Model Minimum Pulse Width 'clk'
Slack : -3.000
TNS   : -19.705

Type  : Slow 1200mV 85C Model Minimum Pulse Width 'baudRateGenerator:gerador|baudRateReg[0]'
Slack : -1.285
TNS   : -47.545

Type  : Slow 1200mV 0C Model Setup 'baudRateGenerator:gerador|baudRateReg[0]'
Slack : -3.700
TNS   : -95.500

Type  : Slow 1200mV 0C Model Setup 'clk'
Slack : -2.643
TNS   : -33.815

Type  : Slow 1200mV 0C Model Hold 'baudRateGenerator:gerador|baudRateReg[0]'
Slack : 0.346
TNS   : 0.000

Type  : Slow 1200mV 0C Model Hold 'clk'
Slack : 0.621
TNS   : 0.000

Type  : Slow 1200mV 0C Model Minimum Pulse Width 'clk'
Slack : -3.000
TNS   : -19.705

Type  : Slow 1200mV 0C Model Minimum Pulse Width 'baudRateGenerator:gerador|baudRateReg[0]'
Slack : -1.285
TNS   : -47.545

Type  : Fast 1200mV 0C Model Setup 'baudRateGenerator:gerador|baudRateReg[0]'
Slack : -1.533
TNS   : -35.232

Type  : Fast 1200mV 0C Model Setup 'clk'
Slack : -0.867
TNS   : -11.171

Type  : Fast 1200mV 0C Model Hold 'baudRateGenerator:gerador|baudRateReg[0]'
Slack : 0.178
TNS   : 0.000

Type  : Fast 1200mV 0C Model Hold 'clk'
Slack : 0.314
TNS   : 0.000

Type  : Fast 1200mV 0C Model Minimum Pulse Width 'clk'
Slack : -3.000
TNS   : -16.731

Type  : Fast 1200mV 0C Model Minimum Pulse Width 'baudRateGenerator:gerador|baudRateReg[0]'
Slack : -1.000
TNS   : -37.000

------------------------------------------------------------
